Release 14.7 - xst P.20131013 (nt64)
Copyright (c) 1995-2013 Xilinx, Inc.  All rights reserved.
--> Parameter TMPDIR set to xst/projnav.tmp


Total REAL time to Xst completion: 0.00 secs
Total CPU time to Xst completion: 0.12 secs
 
--> Parameter xsthdpdir set to xst


Total REAL time to Xst completion: 0.00 secs
Total CPU time to Xst completion: 0.12 secs
 
--> Reading design: cy_tx.prj

TABLE OF CONTENTS
  1) Synthesis Options Summary
  2) HDL Parsing
  3) HDL Elaboration
  4) HDL Synthesis
       4.1) HDL Synthesis Report
  5) Advanced HDL Synthesis
       5.1) Advanced HDL Synthesis Report
  6) Low Level Synthesis
  7) Partition Report
  8) Design Summary
       8.1) Primitive and Black Box Usage
       8.2) Device utilization summary
       8.3) Partition Resource Summary
       8.4) Timing Report
            8.4.1) Clock Information
            8.4.2) Asynchronous Control Signals Information
            8.4.3) Timing Summary
            8.4.4) Timing Details
            8.4.5) Cross Clock Domains Report


=========================================================================
*                      Synthesis Options Summary                        *
=========================================================================
---- Source Parameters
Input File Name                    : "cy_tx.prj"
Ignore Synthesis Constraint File   : NO

---- Target Parameters
Output File Name                   : "cy_tx"
Output Format                      : NGC
Target Device                      : xc6slx9-2-tqg144

---- Source Options
Top Module Name                    : cy_tx
Automatic FSM Extraction           : YES
FSM Encoding Algorithm             : Auto
Safe Implementation                : No
FSM Style                          : LUT
RAM Extraction                     : Yes
RAM Style                          : Auto
ROM Extraction                     : Yes
Shift Register Extraction          : YES
ROM Style                          : Auto
Resource Sharing                   : YES
Asynchronous To Synchronous        : NO
Shift Register Minimum Size        : 2
Use DSP Block                      : Auto
Automatic Register Balancing       : No

---- Target Options
LUT Combining                      : Auto
Reduce Control Sets                : Auto
Add IO Buffers                     : YES
Global Maximum Fanout              : 100000
Add Generic Clock Buffer(BUFG)     : 16
Register Duplication               : YES
Optimize Instantiated Primitives   : NO
Use Clock Enable                   : Auto
Use Synchronous Set                : Auto
Use Synchronous Reset              : Auto
Pack IO Registers into IOBs        : Auto
Equivalent register Removal        : YES

---- General Options
Optimization Goal                  : Speed
Optimization Effort                : 1
Power Reduction                    : NO
Keep Hierarchy                     : No
Netlist Hierarchy                  : As_Optimized
RTL Output                         : Yes
Global Optimization                : AllClockNets
Read Cores                         : YES
Write Timing Constraints           : NO
Cross Clock Analysis               : NO
Hierarchy Separator                : /
Bus Delimiter                      : <>
Case Specifier                     : Maintain
Slice Utilization Ratio            : 100
BRAM Utilization Ratio             : 100
DSP48 Utilization Ratio            : 100
Auto BRAM Packing                  : NO
Slice Utilization Ratio Delta      : 5

=========================================================================


=========================================================================
*                          HDL Parsing                                  *
=========================================================================
Analyzing Verilog file "E:\nes\s1\proj\txrx\cy_tx.v" into library work
Parsing module <cy_tx>.

=========================================================================
*                            HDL Elaboration                            *
=========================================================================

Elaborating module <cy_tx>.
WARNING:HDLCompiler:413 - "E:\nes\s1\proj\txrx\cy_tx.v" Line 84: Result of 11-bit expression is truncated to fit in 10-bit target.
WARNING:HDLCompiler:413 - "E:\nes\s1\proj\txrx\cy_tx.v" Line 93: Result of 11-bit expression is truncated to fit in 10-bit target.
WARNING:HDLCompiler:413 - "E:\nes\s1\proj\txrx\cy_tx.v" Line 102: Result of 11-bit expression is truncated to fit in 10-bit target.
WARNING:HDLCompiler:413 - "E:\nes\s1\proj\txrx\cy_tx.v" Line 111: Result of 11-bit expression is truncated to fit in 10-bit target.
WARNING:HDLCompiler:413 - "E:\nes\s1\proj\txrx\cy_tx.v" Line 120: Result of 11-bit expression is truncated to fit in 10-bit target.
WARNING:HDLCompiler:413 - "E:\nes\s1\proj\txrx\cy_tx.v" Line 129: Result of 11-bit expression is truncated to fit in 10-bit target.
WARNING:HDLCompiler:413 - "E:\nes\s1\proj\txrx\cy_tx.v" Line 138: Result of 11-bit expression is truncated to fit in 10-bit target.
WARNING:HDLCompiler:413 - "E:\nes\s1\proj\txrx\cy_tx.v" Line 147: Result of 11-bit expression is truncated to fit in 10-bit target.
WARNING:HDLCompiler:413 - "E:\nes\s1\proj\txrx\cy_tx.v" Line 157: Result of 11-bit expression is truncated to fit in 10-bit target.
WARNING:HDLCompiler:413 - "E:\nes\s1\proj\txrx\cy_tx.v" Line 166: Result of 11-bit expression is truncated to fit in 10-bit target.

=========================================================================
*                           HDL Synthesis                               *
=========================================================================

Synthesizing Unit <cy_tx>.
    Related source file is "E:\nes\s1\proj\txrx\cy_tx.v".
        clkdiv = 434
        S_Idle = 0
        S_Start = 1
        S_Data0 = 2
        S_Data1 = 3
        S_Data2 = 4
        S_Data3 = 5
        S_Data4 = 6
        S_Data5 = 7
        S_Data6 = 8
        S_Data7 = 9
        S_Stop1 = 10
        S_Stop2 = 11
    Found 4-bit register for signal <state>.
    Found 1-bit register for signal <tx>.
    Found 8-bit register for signal <da>.
    Found 10-bit register for signal <counter>.
    Found finite state machine <FSM_0> for signal <state>.
    -----------------------------------------------------------------------
    | States             | 12                                             |
    | Transitions        | 23                                             |
    | Inputs             | 2                                              |
    | Outputs            | 7                                              |
    | Clock              | clk (rising_edge)                              |
    | Reset              | rst_n_INV_3_o (positive)                       |
    | Reset type         | synchronous                                    |
    | Reset State        | 0000                                           |
    | Power Up State     | 0000                                           |
    | Encoding           | auto                                           |
    | Implementation     | LUT                                            |
    -----------------------------------------------------------------------
    Found 10-bit adder for signal <counter[9]_GND_1_o_add_42_OUT> created at line 166.
    Found 10-bit comparator greater for signal <n0025> created at line 161
    Summary:
	inferred   1 Adder/Subtractor(s).
	inferred  19 D-type flip-flop(s).
	inferred   1 Comparator(s).
	inferred  13 Multiplexer(s).
	inferred   1 Finite State Machine(s).
Unit <cy_tx> synthesized.

=========================================================================
HDL Synthesis Report

Macro Statistics
# Adders/Subtractors                                   : 1
 10-bit adder                                          : 1
# Registers                                            : 3
 1-bit register                                        : 1
 10-bit register                                       : 1
 8-bit register                                        : 1
# Comparators                                          : 1
 10-bit comparator greater                             : 1
# Multiplexers                                         : 13
 1-bit 2-to-1 multiplexer                              : 9
 10-bit 2-to-1 multiplexer                             : 4
# FSMs                                                 : 1

=========================================================================

=========================================================================
*                       Advanced HDL Synthesis                          *
=========================================================================


=========================================================================
Advanced HDL Synthesis Report

Macro Statistics
# Adders/Subtractors                                   : 1
 10-bit adder                                          : 1
# Registers                                            : 19
 Flip-Flops                                            : 19
# Comparators                                          : 1
 10-bit comparator greater                             : 1
# Multiplexers                                         : 13
 1-bit 2-to-1 multiplexer                              : 9
 10-bit 2-to-1 multiplexer                             : 4
# FSMs                                                 : 1

=========================================================================

=========================================================================
*                         Low Level Synthesis                           *
=========================================================================
Analyzing FSM <MFsm> for best encoding.
Optimizing FSM <FSM_0> on signal <state[1:4]> with user encoding.
-------------------
 State | Encoding
-------------------
 0000  | 0000
 0001  | 0001
 0010  | 0010
 0011  | 0011
 0100  | 0100
 0101  | 0101
 0110  | 0110
 0111  | 0111
 1000  | 1000
 1001  | 1001
 1010  | 1010
 1011  | 1011
-------------------

Optimizing unit <cy_tx> ...
WARNING:Xst:1293 - FF/Latch <counter_9> has a constant value of 0 in block <cy_tx>. This FF/Latch will be trimmed during the optimization process.

Mapping all equations...
Building and optimizing final netlist ...
Found area constraint ratio of 100 (+ 5) on block cy_tx, actual ratio is 0.

Final Macro Processing ...

=========================================================================
Final Register Report

Macro Statistics
# Registers                                            : 22
 Flip-Flops                                            : 22

=========================================================================

=========================================================================
*                           Partition Report                            *
=========================================================================

Partition Implementation Status
-------------------------------

  No Partitions were found in this design.

-------------------------------

=========================================================================
*                            Design Summary                             *
=========================================================================

Top Level Output File Name         : cy_tx.ngc

Primitive and Black Box Usage:
------------------------------
# BELS                             : 34
#      INV                         : 1
#      LUT2                        : 2
#      LUT3                        : 5
#      LUT4                        : 3
#      LUT5                        : 3
#      LUT6                        : 20
# FlipFlops/Latches                : 22
#      FDE                         : 8
#      FDR                         : 4
#      FDRE                        : 9
#      FDS                         : 1
# Clock Buffers                    : 1
#      BUFGP                       : 1
# IO Buffers                       : 12
#      IBUF                        : 10
#      OBUF                        : 2

Device utilization summary:
---------------------------

Selected Device : 6slx9tqg144-2 


Slice Logic Utilization: 
 Number of Slice Registers:              22  out of  11440     0%  
 Number of Slice LUTs:                   34  out of   5720     0%  
    Number used as Logic:                34  out of   5720     0%  

Slice Logic Distribution: 
 Number of LUT Flip Flop pairs used:     40
   Number with an unused Flip Flop:      18  out of     40    45%  
   Number with an unused LUT:             6  out of     40    15%  
   Number of fully used LUT-FF pairs:    16  out of     40    40%  
   Number of unique control sets:         3

IO Utilization: 
 Number of IOs:                          13
 Number of bonded IOBs:                  13  out of    102    12%  

Specific Feature Utilization:
 Number of BUFG/BUFGCTRLs:                1  out of     16     6%  

---------------------------
Partition Resource Summary:
---------------------------

  No Partitions were found in this design.

---------------------------


=========================================================================
Timing Report

NOTE: THESE TIMING NUMBERS ARE ONLY A SYNTHESIS ESTIMATE.
      FOR ACCURATE TIMING INFORMATION PLEASE REFER TO THE TRACE REPORT
      GENERATED AFTER PLACE-and-ROUTE.

Clock Information:
------------------
-----------------------------------+------------------------+-------+
Clock Signal                       | Clock buffer(FF name)  | Load  |
-----------------------------------+------------------------+-------+
clk                                | BUFGP                  | 22    |
-----------------------------------+------------------------+-------+

Asynchronous Control Signals Information:
----------------------------------------
No asynchronous control signals found in this design

Timing Summary:
---------------
Speed Grade: -2

   Minimum period: 4.441ns (Maximum Frequency: 225.175MHz)
   Minimum input arrival time before clock: 4.093ns
   Maximum output required time after clock: 5.871ns
   Maximum combinational path delay: 5.979ns

Timing Details:
---------------
All values displayed in nanoseconds (ns)

=========================================================================
Timing constraint: Default period analysis for Clock 'clk'
  Clock period: 4.441ns (frequency: 225.175MHz)
  Total number of paths / destination ports: 294 / 31
-------------------------------------------------------------------------
Delay:               4.441ns (Levels of Logic = 3)
  Source:            counter_3 (FF)
  Destination:       txr (FF)
  Source Clock:      clk rising
  Destination Clock: clk rising

  Data Path: counter_3 to txr
                                Gate     Net
    Cell:in->out      fanout   Delay   Delay  Logical Name (Net Name)
    ----------------------------------------  ------------
     FDRE:C->Q             5   0.525   1.271  counter_3 (counter_3)
     LUT6:I1->O           14   0.254   1.127  n0025111 (n0025111)
     LUT6:I5->O            1   0.254   0.682  _n0151_inv1 (_n0151_inv)
     LUT3:I2->O            1   0.254   0.000  txr_rstpot (txr_rstpot)
     FDS:D                     0.074          txr
    ----------------------------------------
    Total                      4.441ns (1.361ns logic, 3.080ns route)
                                       (30.6% logic, 69.4% route)

=========================================================================
Timing constraint: Default OFFSET IN BEFORE for Clock 'clk'
  Total number of paths / destination ports: 48 / 40
-------------------------------------------------------------------------
Offset:              4.093ns (Levels of Logic = 2)
  Source:            en (PAD)
  Destination:       counter_0 (FF)
  Destination Clock: clk rising

  Data Path: en to counter_0
                                Gate     Net
    Cell:in->out      fanout   Delay   Delay  Logical Name (Net Name)
    ----------------------------------------  ------------
     IBUF:I->O             4   1.328   1.234  en_IBUF (en_IBUF)
     LUT5:I0->O            9   0.254   0.975  _n0102_inv21 (_n0102_inv)
     FDRE:CE                   0.302          counter_0
    ----------------------------------------
    Total                      4.093ns (1.884ns logic, 2.209ns route)
                                       (46.0% logic, 54.0% route)

=========================================================================
Timing constraint: Default OFFSET OUT AFTER for Clock 'clk'
  Total number of paths / destination ports: 5 / 2
-------------------------------------------------------------------------
Offset:              5.871ns (Levels of Logic = 2)
  Source:            state_FSM_FFd1 (FF)
  Destination:       busy (PAD)
  Source Clock:      clk rising

  Data Path: state_FSM_FFd1 to busy
                                Gate     Net
    Cell:in->out      fanout   Delay   Delay  Logical Name (Net Name)
    ----------------------------------------  ------------
     FDR:C->Q             12   0.525   1.499  state_FSM_FFd1 (state_FSM_FFd1)
     LUT5:I0->O            1   0.254   0.681  busy11 (busy_OBUF)
     OBUF:I->O                 2.912          busy_OBUF (busy)
    ----------------------------------------
    Total                      5.871ns (3.691ns logic, 2.180ns route)
                                       (62.9% logic, 37.1% route)

=========================================================================
Timing constraint: Default path analysis
  Total number of paths / destination ports: 1 / 1
-------------------------------------------------------------------------
Delay:               5.979ns (Levels of Logic = 3)
  Source:            en (PAD)
  Destination:       busy (PAD)

  Data Path: en to busy
                                Gate     Net
    Cell:in->out      fanout   Delay   Delay  Logical Name (Net Name)
    ----------------------------------------  ------------
     IBUF:I->O             4   1.328   0.804  en_IBUF (en_IBUF)
     LUT5:I4->O            1   0.254   0.681  busy11 (busy_OBUF)
     OBUF:I->O                 2.912          busy_OBUF (busy)
    ----------------------------------------
    Total                      5.979ns (4.494ns logic, 1.485ns route)
                                       (75.2% logic, 24.8% route)

=========================================================================

Cross Clock Domains Report:
--------------------------

Clock to Setup on destination clock clk
---------------+---------+---------+---------+---------+
               | Src:Rise| Src:Fall| Src:Rise| Src:Fall|
Source Clock   |Dest:Rise|Dest:Rise|Dest:Fall|Dest:Fall|
---------------+---------+---------+---------+---------+
clk            |    4.441|         |         |         |
---------------+---------+---------+---------+---------+

=========================================================================


Total REAL time to Xst completion: 6.00 secs
Total CPU time to Xst completion: 6.45 secs
 
--> 

Total memory usage is 254440 kilobytes

Number of errors   :    0 (   0 filtered)
Number of warnings :   11 (   0 filtered)
Number of infos    :    0 (   0 filtered)

