--------------------------------------------------------------------------------
Release 14.7 Trace  (nt64)
Copyright (c) 1995-2013 Xilinx, Inc.  All rights reserved.

C:\Xilinx\14.7\ISE_DS\ISE\bin\nt64\unwrapped\trce.exe -intstyle ise -v 3 -s 2
-n 3 -fastpaths -xml cy_tx.twx cy_tx.ncd -o cy_tx.twr cy_tx.pcf

Design file:              cy_tx.ncd
Physical constraint file: cy_tx.pcf
Device,package,speed:     xc6slx9,tqg144,C,-2 (PRODUCTION 1.23 2013-10-13)
Report level:             verbose report

Environment Variable      Effect 
--------------------      ------ 
NONE                      No environment variables were set
--------------------------------------------------------------------------------

INFO:Timing:2698 - No timing constraints found, doing default enumeration.
INFO:Timing:3412 - To improve timing, see the Timing Closure User Guide (UG612).
INFO:Timing:2752 - To get complete path coverage, use the unconstrained paths 
   option. All paths that are not constrained will be reported in the 
   unconstrained paths section(s) of the report.
INFO:Timing:3339 - The clock-to-out numbers in this timing report are based on 
   a 50 Ohm transmission line loading model.  For the details of this model, 
   and for more information on accounting for different loading conditions, 
   please see the device datasheet.



Data Sheet report:
-----------------
All values displayed in nanoseconds (ns)

Setup/Hold to clock clk
------------+------------+------------+------------+------------+------------------+--------+
            |Max Setup to|  Process   |Max Hold to |  Process   |                  | Clock  |
Source      | clk (edge) |   Corner   | clk (edge) |   Corner   |Internal Clock(s) | Phase  |
------------+------------+------------+------------+------------+------------------+--------+
data<0>     |    0.624(R)|      SLOW  |    0.626(R)|      SLOW  |clk_BUFGP         |   0.000|
data<1>     |    0.760(R)|      SLOW  |    0.498(R)|      SLOW  |clk_BUFGP         |   0.000|
data<2>     |    1.276(R)|      SLOW  |   -0.003(R)|      SLOW  |clk_BUFGP         |   0.000|
data<3>     |    0.798(R)|      SLOW  |    0.458(R)|      SLOW  |clk_BUFGP         |   0.000|
data<4>     |    1.144(R)|      SLOW  |    0.270(R)|      SLOW  |clk_BUFGP         |   0.000|
data<5>     |    1.068(R)|      SLOW  |    0.343(R)|      SLOW  |clk_BUFGP         |   0.000|
data<6>     |    1.030(R)|      SLOW  |    0.382(R)|      SLOW  |clk_BUFGP         |   0.000|
data<7>     |    0.961(R)|      SLOW  |    0.446(R)|      SLOW  |clk_BUFGP         |   0.000|
en          |    2.953(R)|      SLOW  |   -0.169(R)|      SLOW  |clk_BUFGP         |   0.000|
rst_n       |    3.200(R)|      SLOW  |   -0.138(R)|      SLOW  |clk_BUFGP         |   0.000|
------------+------------+------------+------------+------------+------------------+--------+

Clock clk to Pad
------------+-----------------+------------+-----------------+------------+------------------+--------+
            |Max (slowest) clk|  Process   |Min (fastest) clk|  Process   |                  | Clock  |
Destination |  (edge) to PAD  |   Corner   |  (edge) to PAD  |   Corner   |Internal Clock(s) | Phase  |
------------+-----------------+------------+-----------------+------------+------------------+--------+
busy        |        10.338(R)|      SLOW  |         4.242(R)|      FAST  |clk_BUFGP         |   0.000|
tx          |         9.324(R)|      SLOW  |         3.922(R)|      FAST  |clk_BUFGP         |   0.000|
------------+-----------------+------------+-----------------+------------+------------------+--------+

Clock to Setup on destination clock clk
---------------+---------+---------+---------+---------+
               | Src:Rise| Src:Fall| Src:Rise| Src:Fall|
Source Clock   |Dest:Rise|Dest:Rise|Dest:Fall|Dest:Fall|
---------------+---------+---------+---------+---------+
clk            |    3.324|         |         |         |
---------------+---------+---------+---------+---------+

Pad to Pad
---------------+---------------+---------+
Source Pad     |Destination Pad|  Delay  |
---------------+---------------+---------+
en             |busy           |    9.837|
---------------+---------------+---------+


Analysis completed Tue Jul 19 15:31:21 2016 
--------------------------------------------------------------------------------

Trace Settings:
-------------------------
Trace Settings 

Peak Memory Usage: 209 MB



